src/app/modules/Book/book.service.ts(23,33): error TS2339: Property 'category' does not exist on type 'PrismaClient<PrismaClientOptions, never, DefaultArgs>'.
src/app/modules/BookContent/bookContent.service.ts(21,7): error TS2353: Object literal may only specify known properties, and 'bookId_order' does not exist in type 'BookContentWhereUniqueInput'.
src/app/modules/BookContent/bookContent.service.ts(23,29): error TS2339: Property 'order' does not exist on type '{ id: string; bookId: string; section: string; index: number; text: string; isDeleted: boolean; createdAt: Date; updatedAt: Date; }'.
src/app/modules/BookContent/bookContent.service.ts(44,7): error TS2353: Object literal may only specify known properties, and 'title' does not exist in type 'BookContentSelect<DefaultArgs>'.
src/app/modules/BookContent/bookContent.service.ts(99,7): error TS2353: Object literal may only specify known properties, and 'title' does not exist in type 'BookContentSelect<DefaultArgs>'.
src/app/modules/BookContent/bookContent.service.ts(136,7): error TS2353: Object literal may only specify known properties, and 'title' does not exist in type 'BookContentSelect<DefaultArgs>'.
src/app/modules/BookContent/bookContent.service.ts(162,7): error TS2353: Object literal may only specify known properties, and 'order' does not exist in type 'BookContentOrderByWithRelationInput | BookContentOrderByWithRelationInput[]'.
src/app/modules/BookContent/bookContent.service.ts(166,7): error TS2353: Object literal may only specify known properties, and 'title' does not exist in type 'BookContentSelect<DefaultArgs>'.
src/app/modules/BookContent/bookContent.service.ts(193,7): error TS2353: Object literal may only specify known properties, and 'order' does not exist in type 'BookContentOrderByWithRelationInput | BookContentOrderByWithRelationInput[]'.
src/app/modules/BookContent/bookContent.service.ts(197,7): error TS2353: Object literal may only specify known properties, and 'title' does not exist in type 'BookContentSelect<DefaultArgs>'.
src/app/modules/BookContent/bookContent.service.ts(227,12): error TS2339: Property 'order' does not exist on type 'Partial<{ id: string; bookId: string; section: string; index: number; text: string; isDeleted: boolean; createdAt: Date; updatedAt: Date; }>'.
src/app/modules/BookContent/bookContent.service.ts(227,40): error TS2339: Property 'order' does not exist on type 'Partial<{ id: string; bookId: string; section: string; index: number; text: string; isDeleted: boolean; createdAt: Date; updatedAt: Date; }>'.
src/app/modules/BookContent/bookContent.service.ts(227,59): error TS2339: Property 'order' does not exist on type '{ id: string; bookId: string; section: string; index: number; text: string; isDeleted: boolean; createdAt: Date; updatedAt: Date; }'.
src/app/modules/BookContent/bookContent.service.ts(231,9): error TS2353: Object literal may only specify known properties, and 'order' does not exist in type 'BookContentWhereInput'.
src/app/modules/BookContent/bookContent.service.ts(231,21): error TS2339: Property 'order' does not exist on type 'Partial<{ id: string; bookId: string; section: string; index: number; text: string; isDeleted: boolean; createdAt: Date; updatedAt: Date; }>'.
src/app/modules/BookContent/bookContent.service.ts(239,36): error TS2339: Property 'order' does not exist on type 'Partial<{ id: string; bookId: string; section: string; index: number; text: string; isDeleted: boolean; createdAt: Date; updatedAt: Date; }>'.
src/app/modules/BookContent/bookContent.service.ts(254,7): error TS2353: Object literal may only specify known properties, and 'title' does not exist in type 'BookContentSelect<DefaultArgs>'.
src/app/modules/BookContent/bookContent.service.ts(277,7): error TS2353: Object literal may only specify known properties, and 'title' does not exist in type 'BookContentSelect<DefaultArgs>'.
src/app/modules/BookContent/bookContent.service.ts(303,7): error TS2353: Object literal may only specify known properties, and 'title' does not exist in type 'BookContentSelect<DefaultArgs>'.
src/app/modules/Upload/upload.service.ts(17,13): error TS2339: Property 'word' does not exist on type 'Partial<{ id: string; persianWord: string; transliteration: string | null; banglaMeaning: string; englishMeaning: string | null; exampleFA: string | null; exampleEN: string | null; exampleBN: string | null; isDeleted: boolean; createdAt: Date; updatedAt: Date; }>'.
src/app/modules/Upload/upload.service.ts(17,19): error TS2339: Property 'definition' does not exist on type 'Partial<{ id: string; persianWord: string; transliteration: string | null; banglaMeaning: string; englishMeaning: string | null; exampleFA: string | null; exampleEN: string | null; exampleBN: string | null; isDeleted: boolean; createdAt: Date; updatedAt: Date; }>'.
src/app/modules/Upload/upload.service.ts(17,37): error TS2339: Property 'pronunciation' does not exist on type 'Partial<{ id: string; persianWord: string; transliteration: string | null; banglaMeaning: string; englishMeaning: string | null; exampleFA: string | null; exampleEN: string | null; exampleBN: string | null; isDeleted: boolean; createdAt: Date; updatedAt: Date; }>'.
src/app/modules/Upload/upload.service.ts(26,16): error TS2353: Object literal may only specify known properties, and 'word' does not exist in type 'DictionaryWhereUniqueInput'.
src/app/modules/Upload/upload.service.ts(36,15): error TS2353: Object literal may only specify known properties, and 'word' does not exist in type '(Without<DictionaryCreateInput, DictionaryUncheckedCreateInput> & DictionaryUncheckedCreateInput) | (Without<...> & DictionaryCreateInput)'.
src/app/modules/Upload/upload.service.ts(39,9): error TS2353: Object literal may only specify known properties, and 'word' does not exist in type 'DictionarySelect<DefaultArgs>'.
src/app/modules/Upload/upload.service.ts(44,23): error TS2345: Argument of type '{ id: string; persianWord: string; transliteration: string | null; banglaMeaning: string; englishMeaning: string | null; exampleFA: string | null; exampleEN: string | null; exampleBN: string | null; isDeleted: boolean; createdAt: Date; updatedAt: Date; }' is not assignable to parameter of type 'CreatedWord'.
  Type '{ id: string; persianWord: string; transliteration: string | null; banglaMeaning: string; englishMeaning: string | null; exampleFA: string | null; exampleEN: string | null; exampleBN: string | null; isDeleted: boolean; createdAt: Date; updatedAt: Date; }' is missing the following properties from type 'CreatedWord': word, definition, pronunciation
