2026-08-29 18:48:39 [INFO]: [-] - - Server is running on port 5000 (IP: -)
2026-08-29 18:50:49 [INFO]: [-] - - [HTTP] GET / 200 — 17ms (IP: ::1)
2026-08-29 18:50:50 [WARN]: [-] - - [HTTP] GET /favicon.ico 404 — 2ms (IP: ::1)
2026-08-29 18:50:54 [INFO]: [-] - - [HTTP] GET /api-docs/ 304 — 4ms (IP: ::1)
2026-08-29 18:50:54 [INFO]: [-] - - [HTTP] GET /api-docs/swagger-ui-bundle.js 304 — 5ms (IP: ::1)
2026-08-29 18:50:54 [INFO]: [-] - - [HTTP] GET /api-docs/swagger-ui-init.js 304 — 3ms (IP: ::1)
2026-08-29 18:50:54 [INFO]: [-] - - [HTTP] GET /api-docs/swagger-ui.css 304 — 57ms (IP: ::1)
2026-08-29 18:50:54 [INFO]: [-] - - [HTTP] GET /api-docs/swagger-ui-standalone-preset.js 304 — 45ms (IP: ::1)
2026-08-29 18:50:54 [INFO]: [-] - - [HTTP] GET /api-docs/swagger-ui-init.js 304 — 2ms (IP: ::1)
2026-08-29 18:50:54 [INFO]: [-] - - [HTTP] GET /api-docs/swagger-ui-standalone-preset.js 304 — 2ms (IP: ::1)
2026-08-29 18:50:54 [INFO]: [-] - - [HTTP] GET /api-docs/swagger-ui-bundle.js 304 — 1ms (IP: ::1)
2026-08-29 18:53:27 [INFO]: [-] - - Server is running on port 5000 (IP: -)
2026-08-29 18:55:29 [INFO]: [-] - - [HTTP] GET /api-docs/ 304 — 10ms (IP: ::1)
2026-08-29 18:55:29 [INFO]: [-] - - [HTTP] GET /api-docs/swagger-ui.css 304 — 7ms (IP: ::1)
2026-08-29 18:55:29 [INFO]: [-] - - [HTTP] GET /api-docs/swagger-ui-bundle.js 304 — 69ms (IP: ::1)
2026-08-29 18:55:29 [INFO]: [-] - - [HTTP] GET /api-docs/swagger-ui-init.js 200 — 5ms (IP: ::1)
2026-08-29 18:55:29 [INFO]: [-] - - [HTTP] GET /api-docs/swagger-ui-standalone-preset.js 304 — 207ms (IP: ::1)
2026-08-29 18:55:29 [INFO]: [-] - - [HTTP] GET /api-docs/swagger-ui-init.js 200 — 2ms (IP: ::1)
2026-08-29 18:55:29 [INFO]: [-] - - [HTTP] GET /api-docs/swagger-ui-standalone-preset.js 304 — 1ms (IP: ::1)
2026-08-29 18:55:29 [INFO]: [-] - - [HTTP] GET /api-docs/swagger-ui-bundle.js 304 — 2ms (IP: ::1)
2026-08-29 18:55:30 [INFO]: [-] - - [HTTP] GET /api-docs/favicon-32x32.png 304 — 1ms (IP: ::1)
2026-08-29 18:55:51 [INFO]: [-] - - Server is running on port 5000 (IP: -)
2026-08-29 18:55:57 [INFO]: [-] - - [HTTP] GET /api-docs/ 304 — 9ms (IP: ::1)
2026-08-29 18:55:57 [INFO]: [-] - - [HTTP] GET /api-docs/swagger-ui.css 304 — 4ms (IP: ::1)
2026-08-29 18:55:57 [INFO]: [-] - - [HTTP] GET /api-docs/swagger-ui-bundle.js 304 — 1ms (IP: ::1)
2026-08-29 18:55:57 [INFO]: [-] - - [HTTP] GET /api-docs/swagger-ui-init.js 304 — 3ms (IP: ::1)
2026-08-29 18:55:57 [INFO]: [-] - - [HTTP] GET /api-docs/swagger-ui-standalone-preset.js 304 — 11ms (IP: ::1)
2026-08-29 18:55:57 [INFO]: [-] - - [HTTP] GET /api-docs/swagger-ui-init.js 304 — 2ms (IP: ::1)
2026-08-29 18:55:57 [INFO]: [-] - - [HTTP] GET /api-docs/swagger-ui-standalone-preset.js 304 — 7ms (IP: ::1)
2026-08-29 18:55:58 [INFO]: [-] - - [HTTP] GET /api-docs/favicon-32x32.png 304 — 1ms (IP: ::1)
2026-08-29 18:55:58 [INFO]: [-] - - [HTTP] GET /api-docs/swagger-ui-bundle.js 304 — 1ms (IP: ::1)
2026-08-29 18:57:12 [ERROR]: [-] - - [DB ERROR] pool timeout: failed to retrieve a connection from pool after 10035ms
    (pool connections: active=0 idle=0 limit=10) (IP: -)
2026-08-29 18:57:12 [ERROR]: [-] - - [DB ERROR] FINDUNIQUE on [User] failed (21648ms) — Database operation failed (IP: -)
2026-08-29 18:57:12 [ERROR]: [-] - - [HTTP] POST /api/v1/login 500 — 22477ms (IP: ::1)
2026-08-29 18:57:41 [INFO]: [-] - - [HTTP] POST /api/v1/login 200 — 4281ms (IP: ::1)
2026-08-29 19:00:27 [INFO]: [-] - - [HTTP] GET /api-docs/ 304 — 6ms (IP: ::1)
2026-08-29 19:00:27 [INFO]: [-] - - [HTTP] GET /api-docs/swagger-ui.css 304 — 6ms (IP: ::1)
2026-08-29 19:00:27 [INFO]: [-] - - [HTTP] GET /api-docs/swagger-ui-init.js 304 — 3ms (IP: ::1)
2026-08-29 19:00:27 [INFO]: [-] - - [HTTP] GET /api-docs/swagger-ui-bundle.js 304 — 6ms (IP: ::1)
2026-08-29 19:00:27 [INFO]: [-] - - [HTTP] GET /api-docs/swagger-ui-standalone-preset.js 304 — 10ms (IP: ::1)
2026-08-29 19:00:27 [INFO]: [-] - - [HTTP] GET /api-docs/swagger-ui-init.js 304 — 2ms (IP: ::1)
2026-08-29 19:00:27 [INFO]: [-] - - [HTTP] GET /api-docs/swagger-ui-standalone-preset.js 304 — 5ms (IP: ::1)
2026-08-29 19:00:28 [INFO]: [-] - - [HTTP] GET /api-docs/swagger-ui-bundle.js 304 — 1ms (IP: ::1)
2026-08-29 19:00:29 [INFO]: [-] - - [HTTP] GET /api-docs/favicon-32x32.png 304 — 0ms (IP: ::1)
2026-08-29 19:01:13 [INFO]: [-] - - [HTTP] GET /api-docs/ 304 — 1ms (IP: ::1)
2026-08-29 19:01:13 [INFO]: [-] - - [HTTP] GET /api-docs/swagger-ui.css 304 — 3ms (IP: ::1)
2026-08-29 19:01:13 [INFO]: [-] - - [HTTP] GET /api-docs/swagger-ui-init.js 304 — 2ms (IP: ::1)
2026-08-29 19:01:13 [INFO]: [-] - - [HTTP] GET /api-docs/swagger-ui-bundle.js 304 — 5ms (IP: ::1)
2026-08-29 19:01:13 [INFO]: [-] - - [HTTP] GET /api-docs/swagger-ui-standalone-preset.js 304 — 6ms (IP: ::1)
2026-08-29 19:01:13 [INFO]: [-] - - [HTTP] GET /api-docs/swagger-ui-init.js 304 — 2ms (IP: ::1)
2026-08-29 19:01:13 [INFO]: [-] - - [HTTP] GET /api-docs/swagger-ui-bundle.js 304 — 2ms (IP: ::1)
2026-08-29 19:01:13 [INFO]: [-] - - [HTTP] GET /api-docs/swagger-ui-standalone-preset.js 304 — 2ms (IP: ::1)
2026-08-29 19:01:14 [INFO]: [-] - - [HTTP] GET /api-docs/favicon-32x32.png 304 — 1ms (IP: ::1)
2026-08-29 19:01:20 [INFO]: [-] - - [HTTP] GET /api-docs/ 200 — 2ms (IP: ::1)
2026-08-29 19:01:20 [INFO]: [-] - - [HTTP] GET /api-docs/swagger-ui-init.js 200 — 2ms (IP: ::1)
2026-08-29 19:01:20 [INFO]: [-] - - [HTTP] GET /api-docs/swagger-ui.css 200 — 382ms (IP: ::1)
2026-08-29 19:01:21 [INFO]: [-] - - [HTTP] GET /api-docs/swagger-ui-init.js 304 — 2ms (IP: ::1)
2026-08-29 19:01:22 [INFO]: [-] - - [HTTP] GET /api-docs/swagger-ui-standalone-preset.js 200 — 2102ms (IP: ::1)
2026-08-29 19:01:22 [INFO]: [-] - - [HTTP] GET /api-docs/swagger-ui-standalone-preset.js 304 — 3ms (IP: ::1)
2026-08-29 19:01:23 [INFO]: [-] - - [HTTP] GET /api-docs/swagger-ui-bundle.js 200 — 2568ms (IP: ::1)
2026-08-29 19:01:23 [INFO]: [-] - - [HTTP] GET /api-docs/swagger-ui-bundle.js 304 — 0ms (IP: ::1)
2026-08-29 19:01:23 [INFO]: [-] - - [HTTP] GET /api-docs/favicon-32x32.png 200 — 14ms (IP: ::1)
2026-08-29 19:04:47 [INFO]: [-] - - Server is running on port 5000 (IP: -)
