2026-08-28 11:25:36 [INFO]: [-] - - Server is running on port 5000 (IP: -)
2026-08-28 11:33:57 [INFO]: [-] - - Server is running on port 5000 (IP: -)
2026-08-28 11:34:14 [INFO]: [-] - - Server is running on port 5000 (IP: -)
2026-08-28 11:34:26 [INFO]: [-] - - Server is running on port 5000 (IP: -)
2026-08-28 11:34:52 [INFO]: [-] - - Server is running on port 5000 (IP: -)
2026-08-28 11:35:18 [INFO]: [-] - - Server is running on port 5000 (IP: -)
2026-08-28 11:35:23 [INFO]: [-] - - Server is running on port 5000 (IP: -)
2026-08-28 11:37:23 [INFO]: [-] - - [HTTP] GET / 200 — 11ms (IP: ::1)
2026-08-28 11:37:23 [WARN]: [-] - - [HTTP] GET /favicon.ico 404 — 2ms (IP: ::1)
2026-08-28 11:37:30 [INFO]: [-] - - [HTTP] GET /api-docs 301 — 9ms (IP: ::1)
2026-08-28 11:37:30 [INFO]: [-] - - [HTTP] GET /api-docs/ 200 — 2ms (IP: ::1)
2026-08-28 11:37:30 [INFO]: [-] - - [HTTP] GET /api-docs/swagger-ui.css 200 — 16ms (IP: ::1)
2026-08-28 11:37:30 [INFO]: [-] - - [HTTP] GET /api-docs/swagger-ui-init.js 200 — 2ms (IP: ::1)
2026-08-28 11:37:30 [INFO]: [-] - - [HTTP] GET /api-docs/swagger-ui-bundle.js 200 — 33ms (IP: ::1)
2026-08-28 11:37:30 [INFO]: [-] - - [HTTP] GET /api-docs/swagger-ui-init.js 200 — 1ms (IP: ::1)
2026-08-28 11:37:30 [INFO]: [-] - - [HTTP] GET /api-docs/swagger-ui-bundle.js 200 — 16ms (IP: ::1)
2026-08-28 11:37:30 [INFO]: [-] - - [HTTP] GET /api-docs/swagger-ui-standalone-preset.js 200 — 261ms (IP: ::1)
2026-08-28 11:37:31 [INFO]: [-] - - [HTTP] GET /api-docs/favicon-32x32.png 200 — 4ms (IP: ::1)
2026-08-28 11:37:32 [INFO]: [-] - - [HTTP] GET /api-docs/swagger-ui-standalone-preset.js 200 — 4ms (IP: ::1)
2026-08-28 11:39:24 [ERROR]: [-] - - [DB ERROR] pool timeout: failed to retrieve a connection from pool after 10013ms
    (pool connections: active=0 idle=0 limit=10) (IP: -)
2026-08-28 11:39:24 [ERROR]: [-] - - [DB ERROR] FINDUNIQUE on [User] failed (20907ms) — Database operation failed (IP: -)
2026-08-28 11:39:24 [ERROR]: [-] - - [HTTP] POST /api/v1/login 500 — 21362ms (IP: ::1)
2026-08-28 11:39:39 [ERROR]: [-] - - [DB ERROR] pool timeout: failed to retrieve a connection from pool after 10004ms
    (pool connections: active=0 idle=0 limit=10) (IP: -)
2026-08-28 11:39:39 [ERROR]: [-] - - [DB ERROR] FINDUNIQUE on [User] failed (10172ms) — Database operation failed (IP: -)
2026-08-28 11:39:39 [ERROR]: [-] - - [HTTP] POST /api/v1/login 500 — 10179ms (IP: ::1)
